ANCHOR C [25, 64.64255097271266, 9163.54886305258, 602.5438554866743]
ANCHOR L [24, 64.955822995215, 9165.154435026616, 602.5438554866743]
ANCHOR E [24, 64.97703841430713, 9165.15535154206, 602.5439157410598]
ANCHOR N [24, 64.90750468311683, 9163.549632969727, 602.5439157410597]
ALNS 0 202634 0 energy no_incumbent
ALNS 0 202634 1 communication no_incumbent
ALNS 0 202632 0 random [25, 64.79918698396384, 9165.154435026616, 602.5438554866743]
ALNS 0 202633 0 relay_linked [24, 65.70620644367577, 9170.431762237386, 602.5439157410597]
ALNS 0 202634 2 relay_linked no_incumbent
ALNS 0 202631 0 relay_linked no_incumbent
ALNS 0 202634 3 relay_linked no_incumbent
ALNS 0 202633 1 communication no_incumbent
ALNS 0 202632 1 energy no_incumbent
ALNS 0 202633 2 energy [24, 65.52181691533336, 9170.431762237447, 602.5439157410597]
ALNS 0 202631 1 relay_linked no_incumbent
ALNS 0 202634 4 global_resource_retime no_incumbent
ALNS 0 202634 5 random no_incumbent
ALNS 0 202632 2 communication no_incumbent
ALNS 0 202633 3 random [24, 64.90201246625955, 9165.154435026616, 602.5439157410597]
ALNS 0 202631 2 energy [25, 65.45582299521504, 9163.54886305258, 602.5438554866743]
ALNS 0 202634 6 communication no_incumbent
ALNS 0 202634 7 energy no_incumbent
ALNS 0 202632 3 relay_linked no_incumbent
ALNS 0 202631 3 random [24, 65.455822995215, 9165.154435026616, 602.5438554866743]
ALNS 0 202633 4 global_resource_retime no_incumbent
ALNS 0 202632 4 global_resource_retime no_incumbent
ALNS 0 202631 4 global_resource_retime no_incumbent
ALNS 0 202633 5 random [24, 65.05306727519374, 9165.154435026616, 602.5439157410597]
ALNS 0 202633 6 random no_incumbent
ALNS 0 202632 5 random no_incumbent
ALNS 0 202633 7 random [24, 65.03219843937606, 9163.549632969727, 602.5439157410597]
ALNS 0 202631 5 communication no_incumbent
ALNS 0 202632 6 communication [25, 64.61766955815122, 9165.154435026616, 602.5438554866743]
ALNS 0 202631 6 energy no_incumbent
ALNS 0 202632 7 relay_linked no_incumbent
ALNS 0 202631 7 communication no_incumbent
ALNS 1 202644 0 random no_incumbent
ALNS 1 202643 0 relay_linked [24, 65.52501654233266, 9165.154435026616, 602.5439157410597]
ALNS 1 202641 0 relay_linked no_incumbent
ALNS 1 202642 0 relay_linked no_incumbent
ALNS 1 202644 1 communication no_incumbent
ALNS 1 202644 2 random no_incumbent
ALNS 1 202644 3 relay_linked no_incumbent
ALNS 1 202643 1 energy [24, 64.91900401550828, 9163.549632969727, 602.5439157410597]
ALNS 1 202642 1 energy no_incumbent
ALNS 1 202641 1 relay_linked no_incumbent
ALNS 1 202644 4 global_resource_retime no_incumbent
ALNS 1 202643 2 random [24, 65.6012697969389, 9170.431762237447, 602.5439157410597]
ALNS 1 202642 2 communication no_incumbent
ALNS 1 202641 2 relay_linked no_incumbent
ALNS 1 202644 5 communication no_incumbent
ALNS 1 202644 6 relay_linked no_incumbent
ALNS 1 202641 3 random [24, 65.38770561998116, 9163.54886305258, 602.5438554866743]
ALNS 1 202643 3 random [24, 65.66069512458292, 9190.24867848723, 602.5439157410597]
ALNS 1 202642 3 random [25, 64.78674627668312, 9165.154435026618, 602.5438554866743]
ALNS 1 202644 7 relay_linked no_incumbent
ALNS 1 202641 4 global_resource_retime no_incumbent
ALNS 1 202643 4 global_resource_retime no_incumbent
ALNS 1 202642 4 global_resource_retime no_incumbent
ALNS 1 202641 5 random [25, 65.45582299521499, 9174.523645624187, 602.5438554866743]
ALNS 1 202643 5 communication no_incumbent
ALNS 1 202642 5 energy no_incumbent
ALNS 1 202641 6 random [24, 65.455822995215, 9165.154435026601, 602.5438554866743]
ALNS 1 202641 7 random no_incumbent
ALNS 1 202643 6 energy [24, 65.47513634951713, 9163.549632969727, 602.5439157410597]
ALNS 1 202642 6 communication no_incumbent
ALNS 1 202643 7 random [24, 65.48266338197081, 9170.431762237447, 602.5439157410597]
ALNS 1 202642 7 relay_linked no_incumbent
FINAL_UNVERIFIED [24, 64.85205587579614, 9165.154435026616, 602.5438654866742] ARCHIVE 5 ROUTES 1290 SECONDS 252.00287399999797
