POLISH [28, 75.71131596897939, 7264.62791044095, 0.0] Optimal
POLISH [23, 70.33734734562732, 7167.971104612561, 0.0] Optimal
POLISH [27, 75.00366401031708, 7264.62791044095, 0.0] Optimal
POLISH [25, 71.31909210428417, 6672.014331816174, 0.0] Optimal
POLISH [21, 67.32235979591468, 8013.646246218171, 0.0] Optimal
POLISH [20, 60.70497216913841, 9163.54886305257, 520.7998072166125] Time limit reached
POLISH [23, 63.26021230769617, 9069.567244129956, 109.8013979897079] Time limit reached
POLISH [25, 73.12151423043781, 7176.53518321937, 8.441518167943919] Time limit reached
POLISH [24, 69.58887587848585, 7122.5809280629055, 0.0] Time limit reached
POLISH [23, 68.14991640976821, 7066.62791044095, 0.0] Optimal
POLISH [24, 70.8638736952283, 7155.437161749772, 338.4557883984794] Optimal
POLISH [27, 70.29143588322789, 7712.0191785366305, 8.441518167943919] Time limit reached
POLISH [24, 64.64703177165313, 8427.071898766839, 16.883036335887837] Time limit reached
POLISH [23, 66.29741292296062, 7881.646246218171, 37.64777524470868] Time limit reached
POLISH [21, 62.72052529403814, 9584.298606161949, 203.27678734880095] Time limit reached
POLISH [20, 60.9175261527664, 9163.54886305257, 446.62419790370546] Time limit reached
POLISH [21, 62.87303538809696, 10257.770711390358, 441.54810611797757] Time limit reached
POLISH [21, 63.14303421472227, 9678.562532682019, 335.34530050406386] Time limit reached
POLISH [22, 64.56560504372038, 8427.071898766839, 0.0] Time limit reached
POLISH [22, 64.3922692668716, 8337.140388078022, 161.61050221130995] Time limit reached
POLISH [22, 64.61567425934115, 8379.628938723547, 47.63460239850099] Time limit reached
POLISH [22, 65.23670657751394, 8507.39590584336, 110.67353024554232] Time limit reached
POLISH [22, 68.76182634177101, 8013.646246218171, 0.0] Time limit reached
POLISH [22, 67.35998571793408, 7831.124655517117, 51.21449236346475] Time limit reached
COLLECTED 11 [25, 71.31909210428417, 6672.014331816174, 0.0]
FINAL [25, 71.31909210428417, 6672.014331816174, 0.0]
