CANDIDATES 26192
WORKER 2 step 1/40 archive 6 F [28, 75.71131596897939, 7264.62791044095, 0.0]
WORKER 0 step 1/40 archive 9 F [28, 75.71131596897939, 7264.62791044095, 0.0]
WORKER 1 step 1/40 archive 7 F [28, 75.71131596897939, 7264.62791044095, 0.0]
WORKER 4 step 1/40 archive 12 F [28, 75.71131596897939, 7264.62791044095, 0.0]
WORKER 5 step 1/40 archive 9 F [28, 75.71131596897939, 7264.62791044095, 0.0]
WORKER 3 step 1/40 archive 9 F [20, 60.70497216913841, 9163.54886305257, 520.7998072166125]
WORKER 0 step 6/40 archive 9 F [28, 75.71131596897939, 7264.62791044095, 0.0]
WORKER 4 step 6/40 archive 12 F [28, 75.71131596897939, 7264.62791044095, 0.0]
WORKER 5 step 6/40 archive 10 F [28, 75.71131596897939, 7264.62791044095, 0.0]
WORKER 1 step 6/40 archive 7 F [28, 75.71131596897939, 7264.62791044095, 0.0]
WORKER 2 step 6/40 archive 6 F [28, 75.71131596897939, 7264.62791044095, 0.0]
WORKER 3 step 6/40 archive 9 F [20, 60.70497216913841, 9163.54886305257, 520.7998072166125]
WORKER 0 step 11/40 archive 9 F [28, 75.71131596897939, 7264.62791044095, 0.0]
WORKER 4 step 11/40 archive 13 F [27, 74.61627448185902, 7746.126943056217, 380.7951936022644]
WORKER 1 step 11/40 archive 7 F [28, 75.71131596897939, 7264.62791044095, 0.0]
WORKER 2 step 11/40 archive 6 F [28, 75.71131596897939, 7264.62791044095, 0.0]
WORKER 5 step 11/40 archive 10 F [28, 75.71131596897939, 7264.62791044095, 0.0]
WORKER 3 step 11/40 archive 9 F [20, 60.70497216913841, 9163.54886305257, 520.7998072166125]
WORKER 1 step 16/40 archive 7 F [27, 75.00366401031708, 7264.62791044095, 12.251145311880922]
WORKER 0 step 16/40 archive 9 F [24, 65.34110020552983, 9029.281375254212, 109.8013979897079]
WORKER 2 step 16/40 archive 6 F [29, 78.62729789755514, 7908.555971915708, 67.45859413225982]
WORKER 4 step 16/40 archive 10 F [27, 70.39642266653898, 7827.045797869374, 50.94318695908614]
WORKER 5 step 16/40 archive 10 F [28, 75.71131596897939, 7264.62791044095, 0.0]
WORKER 3 step 16/40 archive 9 F [29, 75.2650612483844, 7777.691691300939, 107.81078867125082]
WORKER 0 step 21/40 archive 9 F [24, 65.34110020552983, 9029.281375254212, 109.8013979897079]
WORKER 1 step 21/40 archive 7 F [27, 75.00366401031708, 7264.62791044095, 12.251145311880922]
WORKER 2 step 21/40 archive 6 F [29, 78.62729789755514, 8211.64624621817, 0.0]
WORKER 5 step 21/40 archive 10 F [28, 75.71131596897939, 7264.62791044095, 0.0]
WORKER 4 step 21/40 archive 10 F [27, 70.39642266653898, 7827.045797869374, 50.94318695908614]
WORKER 3 step 21/40 archive 9 F [29, 75.2650612483844, 7777.691691300939, 107.81078867125082]
WORKER 0 step 26/40 archive 9 F [23, 63.26021230769617, 9069.567244129956, 109.8013979897079]
WORKER 1 step 26/40 archive 7 F [24, 65.34110020552983, 9029.281375254212, 109.8013979897079]
WORKER 5 step 26/40 archive 10 F [28, 72.24270892897694, 8147.756556256158, 164.45011188121077]
WORKER 2 step 26/40 archive 6 F [23, 63.26021230769617, 9069.567244129956, 109.8013979897079]
WORKER 3 step 26/40 archive 9 F [29, 75.2650612483844, 7777.691691300939, 107.81078867125082]
WORKER 4 step 26/40 archive 10 F [28, 75.71131596897939, 7264.62791044095, 0.0]
WORKER 0 step 31/40 archive 9 F [23, 63.26021230769617, 9069.567244129956, 109.8013979897079]
WORKER 1 step 31/40 archive 7 F [24, 65.34110020552983, 9029.281375254212, 109.8013979897079]
WORKER 2 step 31/40 archive 8 F [26, 73.18188319141728, 7694.033915140964, 58.11484861151242]
WORKER 5 step 31/40 archive 10 F [28, 72.24270892897694, 8147.756556256158, 164.45011188121077]
WORKER 3 step 31/40 archive 9 F [29, 75.2650612483844, 7777.691691300939, 107.81078867125082]
WORKER 4 step 31/40 archive 10 F [28, 75.71131596897939, 7264.62791044095, 0.0]
WORKER 0 step 36/40 archive 9 F [23, 63.26021230769617, 9069.567244129956, 109.8013979897079]
WORKER 1 step 36/40 archive 7 F [24, 65.34110020552983, 9029.281375254212, 109.8013979897079]
WORKER 5 step 36/40 archive 10 F [28, 72.24270892897694, 8147.756556256158, 164.45011188121077]
WORKER 2 step 36/40 archive 8 F [26, 73.18188319141728, 7694.033915140964, 58.11484861151242]
WORKER 3 step 36/40 archive 9 F [29, 75.2650612483844, 7777.691691300939, 107.81078867125082]
WORKER 4 step 36/40 archive 10 F [28, 75.71131596897939, 7264.62791044095, 0.0]
WORKER 0 step 40/40 archive 7 F [22, 69.7291154855994, 8395.267894646806, 111.77616716390256]
WORKER 1 step 40/40 archive 7 F [24, 65.34110020552983, 9029.281375254212, 109.8013979897079]
WORKER 2 step 40/40 archive 9 F [26, 71.5023645618969, 9384.591314969297, 22.430058496774592]
WORKER 3 step 40/40 archive 9 F [28, 75.71131596897939, 7264.62791044095, 0.0]
WORKER 4 step 40/40 archive 10 F [28, 75.71131596897939, 7264.62791044095, 0.0]
WORKER 5 step 40/40 archive 11 F [23, 66.29741292296062, 8955.648911455408, 84.28565751085986]
COLLECTED 15 [27, 73.65691369089227, 7210.460195963937, 107.16489638900858]
