WORKER 2 step 1/60 archive 1 F [20, 60.70497216913841, 9163.54886305257, 520.7998072166125]
WORKER 1 step 1/60 archive 1 F [20, 60.70497216913841, 9163.54886305257, 520.7998072166125]
WORKER 0 step 1/60 archive 1 F [20, 60.70497216913841, 9163.54886305257, 520.7998072166125]
WORKER 3 step 1/60 archive 4 F [21, 67.32235979591468, 8147.02382484277, 24.272139659094304]
WORKER 0 step 6/60 archive 1 F [20, 60.70497216913841, 9163.54886305257, 520.7998072166125]
WORKER 1 step 6/60 archive 1 F [20, 60.70497216913841, 9163.54886305257, 520.7998072166125]
WORKER 3 step 6/60 archive 4 F [21, 67.32235979591468, 8147.02382484277, 24.272139659094304]
WORKER 2 step 6/60 archive 1 F [20, 60.70497216913841, 9163.54886305257, 520.7998072166125]
WORKER 0 step 11/60 archive 1 F [20, 60.70497216913841, 9163.54886305257, 520.7998072166125]
WORKER 1 step 11/60 archive 1 F [20, 60.70497216913841, 9163.54886305257, 520.7998072166125]
WORKER 3 step 11/60 archive 4 F [21, 67.32235979591468, 8147.02382484277, 24.272139659094304]
WORKER 2 step 11/60 archive 1 F [20, 60.70497216913841, 9163.54886305257, 520.7998072166125]
WORKER 0 step 16/60 archive 1 F [20, 60.70497216913841, 9163.54886305257, 520.7998072166125]
WORKER 1 step 16/60 archive 1 F [20, 60.70497216913841, 9163.54886305257, 520.7998072166125]
WORKER 3 step 16/60 archive 5 F [22, 68.76182634177101, 8013.646246218171, 86.45331699001373]
WORKER 2 step 16/60 archive 2 F [22, 64.56560504372038, 9029.281375254212, 48.93668415900525]
WORKER 0 step 21/60 archive 1 F [20, 60.70497216913841, 9163.54886305257, 520.7998072166125]
WORKER 1 step 21/60 archive 1 F [20, 60.70497216913841, 9163.54886305257, 520.7998072166125]
WORKER 3 step 21/60 archive 4 F [22, 68.76182634177101, 8013.646246218171, 0.0]
WORKER 2 step 21/60 archive 3 F [22, 64.3922692668716, 8337.140388078022, 188.96036084521492]
WORKER 0 step 26/60 archive 2 F [20, 60.70497216913841, 9163.54886305257, 520.7998072166125]
WORKER 1 step 26/60 archive 1 F [20, 60.70497216913841, 9163.54886305257, 520.7998072166125]
WORKER 3 step 26/60 archive 4 F [20, 60.70497216913841, 9163.54886305257, 520.7998072166125]
WORKER 2 step 26/60 archive 3 F [22, 64.3922692668716, 8337.140388078022, 188.96036084521492]
WORKER 0 step 31/60 archive 2 F [20, 60.70497216913841, 9163.54886305257, 520.7998072166125]
WORKER 1 step 31/60 archive 2 F [20, 60.70497216913841, 9163.54886305257, 520.7998072166125]
WORKER 3 step 31/60 archive 4 F [20, 60.70497216913841, 9163.54886305257, 520.7998072166125]
WORKER 2 step 31/60 archive 3 F [22, 64.3922692668716, 8337.140388078022, 188.96036084521492]
WORKER 0 step 36/60 archive 2 F [20, 60.70497216913841, 9163.54886305257, 520.7998072166125]
WORKER 1 step 36/60 archive 2 F [20, 60.70497216913841, 9163.54886305257, 520.7998072166125]
WORKER 3 step 36/60 archive 4 F [20, 60.70497216913841, 9163.54886305257, 520.7998072166125]
WORKER 2 step 36/60 archive 3 F [22, 64.3922692668716, 8337.140388078022, 188.96036084521492]
WORKER 0 step 41/60 archive 2 F [20, 60.9175261527664, 9803.458735277365, 468.1828595075362]
WORKER 1 step 41/60 archive 2 F [21, 62.87303538809696, 10419.437299354506, 452.7336842497841]
WORKER 2 step 41/60 archive 3 F [22, 64.3922692668716, 8337.140388078022, 188.96036084521492]
WORKER 3 step 41/60 archive 5 F [22, 68.11044296927001, 7915.383638477309, 95.64236647441757]
WORKER 0 step 46/60 archive 2 F [20, 60.9175261527664, 9163.54886305257, 541.0487137390926]
WORKER 1 step 46/60 archive 2 F [21, 62.87303538809696, 10419.437299354506, 452.7336842497841]
WORKER 2 step 46/60 archive 3 F [22, 64.3922692668716, 8337.140388078022, 188.96036084521492]
WORKER 3 step 46/60 archive 5 F [22, 67.60025733140563, 7831.124655517117, 116.87502842614205]
WORKER 0 step 51/60 archive 2 F [20, 60.9175261527664, 9803.458735277365, 468.1828595075362]
WORKER 1 step 51/60 archive 3 F [21, 63.14303421472227, 9797.852148011561, 505.6390670379835]
WORKER 2 step 51/60 archive 4 F [22, 64.61567425934115, 8595.767179658245, 159.8657339484218]
WORKER 3 step 51/60 archive 4 F [22, 67.35998571793408, 7831.124655517117, 59.146902348262294]
WORKER 1 step 56/60 archive 3 F [21, 63.14303421472227, 9797.852148011561, 505.6390670379835]
WORKER 2 step 56/60 archive 5 F [22, 64.61567425934115, 8595.767179658245, 159.8657339484218]
WORKER 0 step 56/60 archive 2 F [20, 60.9175261527664, 9550.705382999668, 770.2666996836692]
WORKER 3 step 56/60 archive 4 F [22, 67.35998571793408, 7831.124655517117, 59.146902348262294]
WORKER 2 step 60/60 archive 5 F [22, 64.61567425934115, 8595.767179658245, 159.8657339484218]
WORKER 0 step 60/60 archive 2 F [20, 60.9175261527664, 9550.705382999668, 770.2666996836692]
WORKER 1 step 60/60 archive 3 F [21, 63.14303421472227, 9797.852148011561, 505.6390670379835]
WORKER 3 step 60/60 archive 4 F [22, 67.35998571793408, 7831.124655517117, 51.21449236346475]
