CANDIDATES 26821
WORKER 0 step 1/80 archive 15 F [21, 67.32235979591468, 8147.02382484277, 24.272139659094304]
WORKER 1 step 1/80 archive 15 F [27, 75.00366401031708, 7264.62791044095, 12.251145311880922]
WORKER 4 step 1/80 archive 17 F [27, 73.65691369089227, 7210.460195963937, 107.16489638900858]
WORKER 7 step 1/80 archive 15 F [27, 75.00366401031708, 7264.62791044095, 12.251145311880922]
WORKER 5 step 1/80 archive 15 F [27, 75.00366401031708, 7264.62791044095, 12.251145311880922]
WORKER 3 step 1/80 archive 16 F [22, 69.58865020579263, 8277.64624621817, 0.0]
WORKER 2 step 1/80 archive 19 F [28, 75.71131596897939, 7264.62791044095, 0.0]
WORKER 6 step 1/80 archive 16 F [27, 75.00366401031708, 7264.62791044095, 12.251145311880922]
WORKER 6 step 6/80 archive 16 F [27, 75.00366401031708, 7264.62791044095, 12.251145311880922]
WORKER 7 step 6/80 archive 15 F [27, 75.00366401031708, 7264.62791044095, 12.251145311880922]
WORKER 5 step 6/80 archive 15 F [27, 75.00366401031708, 7264.62791044095, 12.251145311880922]
WORKER 2 step 6/80 archive 19 F [28, 75.71131596897939, 7264.62791044095, 0.0]
WORKER 4 step 6/80 archive 17 F [27, 73.65691369089227, 7210.460195963937, 107.16489638900858]
WORKER 3 step 6/80 archive 15 F [22, 69.0812123723445, 8277.64624621817, 0.0]
WORKER 0 step 6/80 archive 15 F [21, 67.32235979591468, 8147.02382484277, 24.272139659094304]
WORKER 1 step 6/80 archive 15 F [27, 75.00366401031708, 7264.62791044095, 12.251145311880922]
WORKER 6 step 11/80 archive 16 F [27, 75.00366401031708, 7264.62791044095, 12.251145311880922]
WORKER 5 step 11/80 archive 15 F [27, 75.00366401031708, 7264.62791044095, 12.251145311880922]
WORKER 4 step 11/80 archive 17 F [27, 73.65691369089227, 7210.460195963937, 107.16489638900858]
WORKER 3 step 11/80 archive 15 F [24, 70.05858571091538, 8147.02382484277, 60.637019120855896]
WORKER 1 step 11/80 archive 15 F [27, 75.00366401031708, 7264.62791044095, 12.251145311880922]
WORKER 0 step 11/80 archive 15 F [21, 67.32235979591468, 8147.02382484277, 24.272139659094304]
WORKER 7 step 11/80 archive 15 F [27, 75.00366401031708, 7264.62791044095, 12.251145311880922]
WORKER 2 step 11/80 archive 19 F [28, 75.71131596897939, 7264.62791044095, 0.0]
WORKER 6 step 16/80 archive 16 F [27, 73.65691369089227, 7210.460195963937, 107.16489638900858]
WORKER 4 step 16/80 archive 17 F [27, 70.39642266653898, 7827.045797869374, 36.718681198953554]
WORKER 1 step 16/80 archive 15 F [24, 65.34110020552983, 9029.281375254212, 109.8013979897079]
WORKER 3 step 16/80 archive 15 F [27, 73.65691369089227, 7210.460195963937, 107.16489638900858]
WORKER 5 step 16/80 archive 16 F [23, 70.33734734562732, 7866.538823776503, 124.36389515700965]
WORKER 0 step 16/80 archive 15 F [27, 70.39642266653898, 7827.045797869374, 36.718681198953554]
WORKER 2 step 16/80 archive 18 F [25, 72.17578642974775, 7843.010452343893, 0.0]
WORKER 7 step 16/80 archive 15 F [22, 69.58865020579263, 8277.64624621817, 0.0]
WORKER 6 step 21/80 archive 16 F [27, 73.65691369089227, 7210.460195963937, 107.16489638900858]
WORKER 4 step 21/80 archive 17 F [27, 70.39642266653898, 7827.045797869374, 36.718681198953554]
WORKER 0 step 21/80 archive 15 F [27, 70.39642266653898, 7827.045797869374, 36.718681198953554]
WORKER 1 step 21/80 archive 15 F [24, 65.34110020552983, 9029.281375254212, 109.8013979897079]
WORKER 3 step 21/80 archive 15 F [27, 73.65691369089227, 7210.460195963937, 107.16489638900858]
WORKER 5 step 21/80 archive 11 F [23, 70.33734734562732, 7298.5935259879625, 0.0]
WORKER 2 step 21/80 archive 19 F [26, 74.01305892778132, 7778.0191785366305, 0.0]
WORKER 6 step 26/80 archive 16 F [27, 70.39642266653898, 7827.045797869374, 36.718681198953554]
WORKER 7 step 21/80 archive 15 F [22, 69.58865020579263, 8277.64624621817, 0.0]
WORKER 0 step 26/80 archive 15 F [25, 75.42326581697249, 7698.010155213322, 453.0753164208915]
WORKER 4 step 26/80 archive 17 F [27, 73.65691369089227, 7210.460195963937, 107.16489638900858]
WORKER 3 step 26/80 archive 15 F [27, 70.39642266653898, 7827.045797869374, 36.718681198953554]
WORKER 2 step 26/80 archive 19 F [25, 72.17578642974775, 7843.010452343893, 0.0]
WORKER 5 step 26/80 archive 11 F [27, 73.65691369089227, 7210.460195963937, 107.16489638900858]
WORKER 1 step 26/80 archive 15 F [20, 60.70497216913841, 9163.54886305257, 520.7998072166125]
WORKER 6 step 31/80 archive 16 F [28, 72.30038895049525, 8864.441211282778, 97.98546070289274]
WORKER 7 step 26/80 archive 15 F [23, 63.26021230769617, 9069.567244129956, 109.8013979897079]
WORKER 0 step 31/80 archive 16 F [25, 75.68207709071157, 7591.4057941389765, 353.8634685921773]
WORKER 3 step 31/80 archive 15 F [27, 70.39642266653898, 7827.045797869374, 36.718681198953554]
WORKER 2 step 31/80 archive 19 F [25, 72.17578642974775, 7843.010452343893, 0.0]
WORKER 5 step 31/80 archive 11 F [27, 73.65691369089227, 7210.460195963937, 107.16489638900858]
WORKER 4 step 31/80 archive 17 F [27, 73.65691369089227, 7210.460195963937, 107.16489638900858]
WORKER 6 step 36/80 archive 16 F [28, 72.30038895049525, 8864.441211282778, 97.98546070289274]
WORKER 1 step 31/80 archive 15 F [20, 60.70497216913841, 9163.54886305257, 520.7998072166125]
WORKER 7 step 31/80 archive 16 F [27, 72.83527600497854, 7546.053562989618, 241.9309748762607]
WORKER 0 step 36/80 archive 16 F [25, 74.96388028065107, 8186.448838593953, 172.2808538316566]
WORKER 3 step 36/80 archive 15 F [27, 70.39642266653898, 7827.045797869374, 36.718681198953554]
WORKER 4 step 36/80 archive 17 F [27, 73.65691369089227, 7210.460195963937, 107.16489638900858]
WORKER 6 step 41/80 archive 16 F [26, 73.18188319141728, 7694.033915140964, 37.278938400546394]
WORKER 2 step 36/80 archive 19 F [25, 72.17578642974775, 7843.010452343893, 0.0]
WORKER 1 step 36/80 archive 15 F [20, 60.70497216913841, 9163.54886305257, 520.7998072166125]
WORKER 7 step 36/80 archive 16 F [27, 72.83527600497854, 7546.053562989618, 241.9309748762607]
WORKER 0 step 41/80 archive 14 F [25, 72.55310908017171, 7645.736473480444, 54.34701472157997]
WORKER 5 step 36/80 archive 11 F [27, 73.65691369089227, 7210.460195963937, 107.16489638900858]
WORKER 4 step 41/80 archive 17 F [25, 75.42326581697249, 7698.010155213322, 453.0753164208915]
WORKER 3 step 41/80 archive 15 F [23, 63.26021230769617, 9069.567244129956, 109.8013979897079]
WORKER 2 step 41/80 archive 19 F [26, 74.01305892778132, 7778.0191785366305, 0.0]
WORKER 6 step 46/80 archive 16 F [26, 73.18188319141728, 7694.033915140964, 37.278938400546394]
WORKER 1 step 41/80 archive 15 F [27, 70.39642266653898, 7827.045797869374, 36.718681198953554]
WORKER 7 step 41/80 archive 16 F [27, 70.24492897586941, 8544.390398660154, 252.5864583211354]
WORKER 0 step 46/80 archive 15 F [25, 72.41721403956214, 7267.22678745365, 156.9616101923306]
WORKER 5 step 41/80 archive 11 F [24, 65.55365418915781, 9029.281375254212, 54.25995502224788]
WORKER 4 step 46/80 archive 17 F [25, 73.72904591292807, 7602.43197815588, 102.19887663262732]
WORKER 2 step 46/80 archive 19 F [26, 74.01305892778132, 7778.0191785366305, 0.0]
WORKER 3 step 46/80 archive 15 F [23, 63.26021230769617, 9069.567244129956, 109.8013979897079]
WORKER 6 step 51/80 archive 16 F [23, 66.29741292296062, 8955.648911455408, 84.28565751085986]
WORKER 7 step 46/80 archive 16 F [27, 70.24492897586941, 8544.390398660154, 252.5864583211354]
WORKER 1 step 46/80 archive 15 F [27, 70.39642266653898, 7827.045797869374, 36.718681198953554]
WORKER 0 step 51/80 archive 16 F [27, 70.39642266653898, 7827.045797869374, 36.718681198953554]
WORKER 5 step 46/80 archive 12 F [28, 75.70340182684527, 8427.071898766839, 154.34511098651882]
WORKER 4 step 51/80 archive 16 F [24, 71.11366719918419, 8044.260646150495, 0.0]
WORKER 2 step 51/80 archive 18 F [24, 70.81345724590544, 7573.402599477826, 91.38666576218984]
WORKER 3 step 51/80 archive 16 F [24, 74.7245250486255, 7813.740175452027, 5.900217987253694]
WORKER 7 step 51/80 archive 17 F [20, 60.70497216913841, 9163.54886305257, 520.7998072166125]
WORKER 1 step 51/80 archive 15 F [27, 70.39642266653898, 7827.045797869374, 36.718681198953554]
WORKER 0 step 56/80 archive 16 F [27, 70.39642266653898, 7827.045797869374, 36.718681198953554]
WORKER 6 step 56/80 archive 16 F [23, 66.29741292296062, 8955.648911455408, 84.28565751085986]
WORKER 5 step 51/80 archive 12 F [27, 73.65691369089227, 7210.460195963937, 107.16489638900858]
WORKER 4 step 56/80 archive 16 F [25, 71.97940291140253, 7534.023564880564, 120.52062801525858]
WORKER 2 step 56/80 archive 18 F [24, 70.81345724590544, 7573.402599477826, 91.38666576218984]
WORKER 3 step 56/80 archive 15 F [23, 72.8956483068714, 7547.0408885823135, 114.74719370520857]
WORKER 1 step 56/80 archive 15 F [27, 70.39642266653898, 7827.045797869374, 36.718681198953554]
WORKER 7 step 56/80 archive 18 F [23, 68.63754317147406, 8546.74399769211, 196.52124240013433]
WORKER 0 step 61/80 archive 16 F [23, 66.29741292296062, 8955.648911455408, 84.28565751085986]
WORKER 6 step 61/80 archive 17 F [27, 70.39642266653898, 7827.045797869374, 36.718681198953554]
WORKER 5 step 56/80 archive 12 F [27, 73.65691369089227, 7210.460195963937, 107.16489638900858]
WORKER 2 step 61/80 archive 18 F [25, 72.17578642974775, 7843.010452343893, 0.0]
WORKER 4 step 61/80 archive 13 F [27, 75.00366401031708, 7264.62791044095, 12.251145311880922]
WORKER 3 step 61/80 archive 15 F [20, 60.70497216913841, 9163.54886305257, 520.7998072166125]
WORKER 1 step 61/80 archive 15 F [24, 65.34110020552983, 9029.281375254212, 109.8013979897079]
WORKER 7 step 61/80 archive 18 F [21, 62.72052529403814, 11090.242795618593, 375.1059554199538]
WORKER 0 step 66/80 archive 16 F [23, 66.29741292296062, 8955.648911455408, 84.28565751085986]
WORKER 6 step 66/80 archive 18 F [27, 70.29143588322789, 7838.543016214665, 8.441518167943919]
WORKER 2 step 66/80 archive 19 F [25, 72.17578642974775, 7705.612441198511, 12.266616899807827]
WORKER 5 step 61/80 archive 12 F [24, 66.82537882312474, 8894.158382927397, 54.79569968735583]
WORKER 4 step 66/80 archive 13 F [27, 75.00366401031708, 7264.62791044095, 12.251145311880922]
WORKER 1 step 66/80 archive 15 F [24, 65.34110020552983, 9029.281375254212, 109.8013979897079]
WORKER 7 step 66/80 archive 18 F [28, 71.55981481842667, 7956.920039596071, 64.77266926460652]
WORKER 0 step 71/80 archive 16 F [23, 66.29741292296062, 8801.581000635153, 54.79569968735583]
WORKER 3 step 66/80 archive 15 F [20, 60.70497216913841, 9163.54886305257, 520.7998072166125]
WORKER 6 step 71/80 archive 18 F [27, 70.29143588322789, 7838.543016214665, 8.441518167943919]
WORKER 2 step 71/80 archive 20 F [25, 72.88687587892183, 7365.971104612561, 42.947862073969894]
WORKER 4 step 71/80 archive 13 F [27, 75.00366401031708, 7264.62791044095, 12.251145311880922]
WORKER 5 step 66/80 archive 12 F [24, 66.82537882312474, 8894.158382927397, 54.79569968735583]
WORKER 7 step 71/80 archive 18 F [27, 74.27643600561719, 7939.807205161971, 61.45040279973365]
WORKER 1 step 71/80 archive 15 F [24, 65.34110020552983, 9029.281375254212, 109.8013979897079]
WORKER 0 step 76/80 archive 16 F [23, 63.26021230769617, 9069.567244129956, 109.8013979897079]
WORKER 6 step 76/80 archive 19 F [26, 73.18188319141728, 7712.0191785366305, 0.0]
WORKER 3 step 71/80 archive 15 F [20, 60.70497216913841, 9163.54886305257, 520.7998072166125]
WORKER 5 step 71/80 archive 12 F [29, 74.74211237164243, 8421.16390199508, 138.01922138286255]
WORKER 4 step 76/80 archive 13 F [20, 60.70497216913841, 9163.54886305257, 520.7998072166125]
WORKER 2 step 76/80 archive 20 F [24, 69.2692390563776, 8688.403899384431, 228.2999702550138]
WORKER 0 step 80/80 archive 16 F [23, 63.26021230769617, 9069.567244129956, 109.8013979897079]
WORKER 7 step 76/80 archive 18 F [23, 66.29741292296062, 8955.648911455408, 84.28565751085986]
WORKER 1 step 76/80 archive 15 F [23, 70.65894712313825, 9237.155878764815, 20.007579322878527]
WORKER 6 step 80/80 archive 19 F [26, 72.64231060717606, 7727.119775041259, 0.0]
WORKER 4 step 80/80 archive 14 F [23, 69.43480778399766, 8289.604471997114, 117.3395523169693]
WORKER 2 step 80/80 archive 20 F [24, 69.2692390563776, 9510.304269348426, 84.93647063448738]
WORKER 3 step 76/80 archive 15 F [24, 74.18378574517452, 7547.0408885823135, 126.41312198728033]
WORKER 5 step 76/80 archive 13 F [28, 77.84285367811266, 8040.30630628661, 250.83217349302356]
WORKER 7 step 80/80 archive 17 F [25, 73.12151423043781, 7232.5935259879625, 18.82388762235434]
WORKER 1 step 80/80 archive 16 F [23, 69.84015121783996, 8261.677563553785, 309.1126329297854]
WORKER 3 step 80/80 archive 16 F [24, 73.58803792468045, 7379.428426378092, 100.52583203590206]
WORKER 5 step 80/80 archive 13 F [26, 76.3422873079249, 7785.343980727695, 241.83950238823473]
COLLECTED 16 [25, 71.31909210428417, 6672.014331816174, 27.570931703959147]
